Gs^Fds, Gs^Fds, Gs^Fds, Gg, Gg, Gg, Gg, Gg, Gg, Rp, Gg, Mm, Mm, Mm, Mm, Gg, Hh, Gg
Gg, Gs^Fds, Hh, Mm, Mm, Gg, Gg, Gg, Rp, Rp, Gg, Gg, Mm, Mm, Mm, Mm, Hh, Hh
Gg, Gg, Gg, Hh, Gg, Gs, Gs, Rp, Ch, Ch, Ch, Gg, Gg, Gg, Gg, Hh, Hh, Hh
Gg, Gg, Gg, Gll^Fp, Hh, Gs, Gg, Gll^Fp, Ch, 2 Kfr^Xo, Ch, Gll^Fp, Re^Gvs, Re^Gvs, Hh, Gll^Fp, Mm, Hh
Mm, Mm, Re^Gvs, Hh, Gg, Gg, Gg, Ch, Rp, Ch, Gg, Ch, Re^Gvs, Re^Gvs, Re^Gvs, Hh, Mm, Hh
Mm, Re^Gvs, Re^Gvs, Re^Gvs, Gs^Vh, Re^Gvs, Re^Gvs, Gg, Gg, Rp, Rp, Gg, Re^Gvs, Re^Gvs, Gs^Vh, Re^Gvs, Re^Gvs, Mm
Gg, Re^Gvs, Gg, Re^Gvs, Hh, Re^Gvs, Re^Gvs, Re^Gvs, Gg, Gg, Rp, Gg, Gg, Re^Gvs, Hh, Re^Gvs, Gg, Gg
Wwg, Gg, Wwg, Gll^Fp, Gg, Gll^Fp, Gg, Gg, Rp, Rp, Gg, Gg, Gs, Gll^Fp, Gg, Gll^Fp, Gg, Gg
Gs^Fds, Wwg, Gs^Fds, Wwg, Wwg, Dd, Dd, Gg, Rp, Gg, Gll^Fp, Gs, Gs, Gs, Gg, Gg, Dd, Dd
Gs^Fds, Gs^Fds, Mm, Mm, Wwg, Wwg, Ww, Rp, Gll^Fp, Gs^Vc, Re^Gvs, Gg, Gg, Gg, Gs^Fds, Gg, Gg, Dd
Gg, Gs^Fds, Hh, Mm, Ss, Gg, Wwt, Rp, Rp, Re^Gvs, Re^Gvs, Re^Gvs, Re^Gvs, Gg, Hh, Gg, Gs^Fds, Gg
Gg, Gg, Gg, Gll^Fp, Gll^Fp, Gg, Gg, Wwt, Wwt, Wwt, Wwt, Re^Gvs, Wwt, Wwt, Wwt, Mm, Gs^Fds, Gg
Hh, Hh, Gg, Gg, Gg, Dd, Dd, Gg, Wwt, Rp, Hh, Wwt, Ss, Gg, Gg, Wwt, Wot, Gs^Fds
Hh, Hh, Gg, Hh, Gg, Dd, Hh, Hh, Rp, Rp, Rp, Hh, Gs^Vc, Gg, Hh, Gg, Wot, Wot
Hh, Hh, Gg, Gg, Hh, Gg, Gs^Vc, Gg, Rp, Re, Rp, Gg, Gg, Hh, Gll^Fp, Gg, Wot, Wot
Dd, Hh, Gg, Gg, Gll^Fp, Hh, Gg, Gg, Gg, Rp, Wwt, Gg, Gg, Gg, Gg, Wwt, Gs^Fds, Wot
Dd, Dd, Gg, Gg, Gg, Gg, Ss, Gg, Wwt, Rp, Wwt, Wwt, Wwt, Gg, Wwt, Wwt, Gs^Fds, Gs^Fds
Gg, Gg, Hh, Gg, Dd, Dd, Wwt, Wwt, Rp, Wwt, Re^Gvs, Re^Gvs, Re^Gvs, Wwt, Hh, Mm, Gs^Fds, Gg
Gs^Fds, Gs^Fds, Mm, Mm, Wwt, Dd, Wwt, Rp, Gll^Fp, Re^Gvs, Re^Gvs, Re^Gvs, Dd, Dd, Gs^Fds, Gg, Gg, Gg
Gs^Fds, Gs^Fds, Gs^Fds, Mm, Gg, Wwt, Gg, Rp, Rp, Gg, Gll^Fp, Gg, Gs, Dd, Gg, Gg, Gg, Gg
Gg, Gg, Gg, Gg, Gg, Gg, Gg, Gg, Rp, Gg, Gg, Gs, Gs, Gg, Gg, Gg, Gg, Gg
Gg, Gg, Gg, Gll^Fp, Hh, Gll^Fp, Re^Gvs, Gg, Gg, Rp, Rp, Gg, Gg, Gll^Fp, Hh, Gll^Fp, Gg, Gg
Mm, Re^Gvs, Re^Gvs, Re^Gvs, Gs^Vh, Re^Gvs, Re^Gvs, Re^Gvs, Gg, Gg, Rp, Gg, Re^Gvs, Re^Gvs, Gs^Vh, Re^Gvs, Re^Gvs, Gg
Mm, Re^Gvs, Re^Gvs, Re^Gvs, Gg, Re^Gvs, Gg, Gg, Rp, Rp, Gg, Gg, Re^Gvs, Re^Gvs, Re^Gvs, Re^Gvs, Mm, Mm
Gg, Mm, Gg, Hh, Hh, Gg, Gs, Gg, Ch, Ch, Ch, Gg, Re^Gvs, Re^Gvs, Hh, Hh, Mm, Hh
Gg, Gg, Gg, Gll^Fp, Gg, Gs, Gs, Gll^Fp, Ch, 1 Kfr, Ch, Gll^Fp, Gg, Re^Gvs, Gg, Gll^Fp, Hh, Hh
Gg, Gg, Hh, Hh, Mm, Gg, Gg, Rp, Rp, Ch, Gg, Gg, Mm, Gg, Mm, Hh, Hh, Hh
Gs^Fds, Gs^Fds, Gs^Fds, Mm, Gg, Gg, Gg, Gg, Gg, Rp, Gg, Gg, Mm, Mm, Mm, Mm, Hh, Hh
Gs^Fds, Gs^Fds, Gs^Fds, Gg, Gg, Gg, Gs, Gs, Gg, Rp, Gg, Mm, Mm, Mm, Mm, Dd, Dd, Dd
Gg, Gs^Fds, Hh, Gg, Mm, Gg, Gg, Gs, Rp, Rp, Gg, Mm, Mm, Mm, Mm, Dd, Dd, Dd
